// Jest Snapshot v1, https://goo.gl/fbAQLP

exports[`fetch send correct API parameters 2`] = `
Object {
  "body": "{\\"date\\":1234,\\"sctId\\":\\"\\",\\"textId\\":\\"LEGITEXT000006072050\\"}",
  "headers": Object {
    "Authorization": "Bearer token",
    "content-type": "application/json",
  },
  "method": "POST",
}
`;
